[0m

        [32mлллллллл[37m
     [32mлллллл[1;37mлл[0;32mлллллл[37m
   [32mлллллллл[1;37mлл[0;32mлллллллл[37m
  [32mллллллллл[1;37mлл[0;32mллллллллл[37m
  [32mллллллл[1;37;42mмм[40mлл[42mмм[0;32mллллллл[37m  [1mDownloading...[0m
  [32mлллллллл[1;37;42mп[40mлл[42mп[0;32mлллллллл[37m
   [32mллллл[1;37;42mмммммммм[0;32mллллл[37m
     [32mлллллллллллллл[37m
        [32mлллллллл[37m


